2019-08-20 21:07:08-Tornado-WARNING: hello warning
2019-08-20 21:07:08-Tornado-ERROR: hello error
2019-08-20 21:07:08-Tornado-CRITICAL: hello critical
2019-08-20 21:08:50-Tornado-WARNING: hello warning
2019-08-20 21:08:50-Tornado-ERROR: hello error
2019-08-20 21:08:51-Tornado-CRITICAL: hello critical
2019-08-20 21:09:11-Tornado-WARNING: hello warning
2019-08-20 21:09:11-Tornado-ERROR: hello error
2019-08-20 21:09:11-Tornado-CRITICAL: hello critical
2019-08-20 21:10:07-Tornado-WARNING: hello warning
2019-08-20 21:10:07-Tornado-ERROR: hello error
2019-08-20 21:10:07-Tornado-CRITICAL: hello critical
2019-08-20 21:10:21-Tornado-WARNING: hello warning
2019-08-20 21:10:21-Tornado-ERROR: hello error
2019-08-20 21:10:21-Tornado-CRITICAL: hello critical
2019-08-20 21:11:23-Tornado-WARNING: hello warning
2019-08-20 21:11:23-Tornado-ERROR: hello error
2019-08-20 21:11:23-Tornado-CRITICAL: hello critical
2019-08-20 21:12:57-Tornado-WARNING: hello warning
2019-08-20 21:12:57-Tornado-ERROR: hello error
2019-08-20 21:12:57-Tornado-CRITICAL: hello critical
2019-08-20 21:14:29-Tornado-WARNING: hello warning
2019-08-20 21:14:29-Tornado-ERROR: hello error
2019-08-20 21:14:29-Tornado-CRITICAL: hello critical
2019-08-20 21:15:47-Tornado-WARNING: hello warning
2019-08-20 21:15:47-Tornado-ERROR: hello error
2019-08-20 21:15:47-Tornado-CRITICAL: hello critical
2019-08-20 21:17:14-Tornado-WARNING: hello warning
2019-08-20 21:17:14-Tornado-ERROR: hello error
2019-08-20 21:17:14-Tornado-CRITICAL: hello critical
2019-08-20 21:17:54-Tornado-WARNING: hello warning
2019-08-20 21:17:54-Tornado-ERROR: hello error
2019-08-20 21:17:54-Tornado-CRITICAL: hello critical
2019-08-20 21:19:15-Tornado-WARNING: hello warning
2019-08-20 21:19:15-Tornado-ERROR: hello error
2019-08-20 21:19:15-Tornado-CRITICAL: hello critical
